======================================================================
��Ʊ����ϵͳ V5.0 - �������
======================================================================
���ݼ�����ɣ���7556��

======================================================================
������Ԥ�⡿
======================================================================

��: 3
����: 4
��ѡ����: 34012

�Ƽ�����:
  1. 024
  2. 389
  3. 234
  4. 145
  5. 348

������˵����
  334����(14%) + ����ֽ�(9%) + �����λ�Ͳ�(6%)
  + 012·(6%) + ��ż(4%) + ��̬(4%) + ��ֵβ(7%) + ��С��˫(3%)

�������ʡ�14.14%������8.33%������70%��
======================================================================
